[1/74] Building CXX object CMakeFiles/ne_engine.dir/src/Engine.cpp.obj
FAILED: [code=1] CMakeFiles/ne_engine.dir/src/Engine.cpp.obj 
C:\msys64\ucrt64\bin\c++.exe -DGLFW_DLL -DGLM_FORCE_DEPTH_ZERO_TO_ONE -DGLM_FORCE_RADIANS -DNE_PROJECT_ROOT=\"C:/Users/evand/Documents/NextEngine\" -DNE_SHADER_DIR=\"C:/Users/evand/Documents/NextEngine/build/shaders\" -IC:/Users/evand/Documents/NextEngine/src -IC:/Users/evand/Documents/NextEngine/third_party/vma -IC:/Users/evand/Documents/NextEngine/third_party/tinyobjloader -IC:/Users/evand/Documents/NextEngine/third_party/stb -IC:/Users/evand/Documents/NextEngine/third_party/cgltf -IC:/Users/evand/Documents/NextEngine/third_party/imgui -IC:/Users/evand/Documents/NextEngine/third_party/json -IC:/Users/evand/Documents/NextEngine/third_party/miniaudio -IC:/Users/evand/Documents/NextEngine/third_party/ultralight/include -std=gnu++17 -Wall -Wextra -MD -MT CMakeFiles/ne_engine.dir/src/Engine.cpp.obj -MF CMakeFiles\ne_engine.dir\src\Engine.cpp.obj.d -o CMakeFiles/ne_engine.dir/src/Engine.cpp.obj -c C:/Users/evand/Documents/NextEngine/src/Engine.cpp
[2/74] Building CXX object CMakeFiles/ne_engine.dir/src/core/Window.cpp.obj
FAILED: [code=1] CMakeFiles/ne_engine.dir/src/core/Window.cpp.obj 
C:\msys64\ucrt64\bin\c++.exe -DGLFW_DLL -DGLM_FORCE_DEPTH_ZERO_TO_ONE -DGLM_FORCE_RADIANS -DNE_PROJECT_ROOT=\"C:/Users/evand/Documents/NextEngine\" -DNE_SHADER_DIR=\"C:/Users/evand/Documents/NextEngine/build/shaders\" -IC:/Users/evand/Documents/NextEngine/src -IC:/Users/evand/Documents/NextEngine/third_party/vma -IC:/Users/evand/Documents/NextEngine/third_party/tinyobjloader -IC:/Users/evand/Documents/NextEngine/third_party/stb -IC:/Users/evand/Documents/NextEngine/third_party/cgltf -IC:/Users/evand/Documents/NextEngine/third_party/imgui -IC:/Users/evand/Documents/NextEngine/third_party/json -IC:/Users/evand/Documents/NextEngine/third_party/miniaudio -IC:/Users/evand/Documents/NextEngine/third_party/ultralight/include -std=gnu++17 -Wall -Wextra -MD -MT CMakeFiles/ne_engine.dir/src/core/Window.cpp.obj -MF CMakeFiles\ne_engine.dir\src\core\Window.cpp.obj.d -o CMakeFiles/ne_engine.dir/src/core/Window.cpp.obj -c C:/Users/evand/Documents/NextEngine/src/core/Window.cpp
[3/74] Building CXX object CMakeFiles/ne_engine.dir/src/core/Camera.cpp.obj
FAILED: [code=1] CMakeFiles/ne_engine.dir/src/core/Camera.cpp.obj 
C:\msys64\ucrt64\bin\c++.exe -DGLFW_DLL -DGLM_FORCE_DEPTH_ZERO_TO_ONE -DGLM_FORCE_RADIANS -DNE_PROJECT_ROOT=\"C:/Users/evand/Documents/NextEngine\" -DNE_SHADER_DIR=\"C:/Users/evand/Documents/NextEngine/build/shaders\" -IC:/Users/evand/Documents/NextEngine/src -IC:/Users/evand/Documents/NextEngine/third_party/vma -IC:/Users/evand/Documents/NextEngine/third_party/tinyobjloader -IC:/Users/evand/Documents/NextEngine/third_party/stb -IC:/Users/evand/Documents/NextEngine/third_party/cgltf -IC:/Users/evand/Documents/NextEngine/third_party/imgui -IC:/Users/evand/Documents/NextEngine/third_party/json -IC:/Users/evand/Documents/NextEngine/third_party/miniaudio -IC:/Users/evand/Documents/NextEngine/third_party/ultralight/include -std=gnu++17 -Wall -Wextra -MD -MT CMakeFiles/ne_engine.dir/src/core/Camera.cpp.obj -MF CMakeFiles\ne_engine.dir\src\core\Camera.cpp.obj.d -o CMakeFiles/ne_engine.dir/src/core/Camera.cpp.obj -c C:/Users/evand/Documents/NextEngine/src/core/Camera.cpp
[4/74] Building CXX object CMakeFiles/ne_engine.dir/src/scene/Node.cpp.obj
FAILED: [code=1] CMakeFiles/ne_engine.dir/src/scene/Node.cpp.obj 
C:\msys64\ucrt64\bin\c++.exe -DGLFW_DLL -DGLM_FORCE_DEPTH_ZERO_TO_ONE -DGLM_FORCE_RADIANS -DNE_PROJECT_ROOT=\"C:/Users/evand/Documents/NextEngine\" -DNE_SHADER_DIR=\"C:/Users/evand/Documents/NextEngine/build/shaders\" -IC:/Users/evand/Documents/NextEngine/src -IC:/Users/evand/Documents/NextEngine/third_party/vma -IC:/Users/evand/Documents/NextEngine/third_party/tinyobjloader -IC:/Users/evand/Documents/NextEngine/third_party/stb -IC:/Users/evand/Documents/NextEngine/third_party/cgltf -IC:/Users/evand/Documents/NextEngine/third_party/imgui -IC:/Users/evand/Documents/NextEngine/third_party/json -IC:/Users/evand/Documents/NextEngine/third_party/miniaudio -IC:/Users/evand/Documents/NextEngine/third_party/ultralight/include -std=gnu++17 -Wall -Wextra -MD -MT CMakeFiles/ne_engine.dir/src/scene/Node.cpp.obj -MF CMakeFiles\ne_engine.dir\src\scene\Node.cpp.obj.d -o CMakeFiles/ne_engine.dir/src/scene/Node.cpp.obj -c C:/Users/evand/Documents/NextEngine/src/scene/Node.cpp
[5/74] Building CXX object CMakeFiles/ne_engine.dir/src/core/Input.cpp.obj
FAILED: [code=1] CMakeFiles/ne_engine.dir/src/core/Input.cpp.obj 
C:\msys64\ucrt64\bin\c++.exe -DGLFW_DLL -DGLM_FORCE_DEPTH_ZERO_TO_ONE -DGLM_FORCE_RADIANS -DNE_PROJECT_ROOT=\"C:/Users/evand/Documents/NextEngine\" -DNE_SHADER_DIR=\"C:/Users/evand/Documents/NextEngine/build/shaders\" -IC:/Users/evand/Documents/NextEngine/src -IC:/Users/evand/Documents/NextEngine/third_party/vma -IC:/Users/evand/Documents/NextEngine/third_party/tinyobjloader -IC:/Users/evand/Documents/NextEngine/third_party/stb -IC:/Users/evand/Documents/NextEngine/third_party/cgltf -IC:/Users/evand/Documents/NextEngine/third_party/imgui -IC:/Users/evand/Documents/NextEngine/third_party/json -IC:/Users/evand/Documents/NextEngine/third_party/miniaudio -IC:/Users/evand/Documents/NextEngine/third_party/ultralight/include -std=gnu++17 -Wall -Wextra -MD -MT CMakeFiles/ne_engine.dir/src/core/Input.cpp.obj -MF CMakeFiles\ne_engine.dir\src\core\Input.cpp.obj.d -o CMakeFiles/ne_engine.dir/src/core/Input.cpp.obj -c C:/Users/evand/Documents/NextEngine/src/core/Input.cpp
[6/74] Building CXX object CMakeFiles/ne_engine.dir/src/scene/MeshNode.cpp.obj
FAILED: [code=1] CMakeFiles/ne_engine.dir/src/scene/MeshNode.cpp.obj 
C:\msys64\ucrt64\bin\c++.exe -DGLFW_DLL -DGLM_FORCE_DEPTH_ZERO_TO_ONE -DGLM_FORCE_RADIANS -DNE_PROJECT_ROOT=\"C:/Users/evand/Documents/NextEngine\" -DNE_SHADER_DIR=\"C:/Users/evand/Documents/NextEngine/build/shaders\" -IC:/Users/evand/Documents/NextEngine/src -IC:/Users/evand/Documents/NextEngine/third_party/vma -IC:/Users/evand/Documents/NextEngine/third_party/tinyobjloader -IC:/Users/evand/Documents/NextEngine/third_party/stb -IC:/Users/evand/Documents/NextEngine/third_party/cgltf -IC:/Users/evand/Documents/NextEngine/third_party/imgui -IC:/Users/evand/Documents/NextEngine/third_party/json -IC:/Users/evand/Documents/NextEngine/third_party/miniaudio -IC:/Users/evand/Documents/NextEngine/third_party/ultralight/include -std=gnu++17 -Wall -Wextra -MD -MT CMakeFiles/ne_engine.dir/src/scene/MeshNode.cpp.obj -MF CMakeFiles\ne_engine.dir\src\scene\MeshNode.cpp.obj.d -o CMakeFiles/ne_engine.dir/src/scene/MeshNode.cpp.obj -c C:/Users/evand/Documents/NextEngine/src/scene/MeshNode.cpp
[7/74] Building CXX object CMakeFiles/ne_engine.dir/src/scene/LightNode.cpp.obj
FAILED: [code=1] CMakeFiles/ne_engine.dir/src/scene/LightNode.cpp.obj 
C:\msys64\ucrt64\bin\c++.exe -DGLFW_DLL -DGLM_FORCE_DEPTH_ZERO_TO_ONE -DGLM_FORCE_RADIANS -DNE_PROJECT_ROOT=\"C:/Users/evand/Documents/NextEngine\" -DNE_SHADER_DIR=\"C:/Users/evand/Documents/NextEngine/build/shaders\" -IC:/Users/evand/Documents/NextEngine/src -IC:/Users/evand/Documents/NextEngine/third_party/vma -IC:/Users/evand/Documents/NextEngine/third_party/tinyobjloader -IC:/Users/evand/Documents/NextEngine/third_party/stb -IC:/Users/evand/Documents/NextEngine/third_party/cgltf -IC:/Users/evand/Documents/NextEngine/third_party/imgui -IC:/Users/evand/Documents/NextEngine/third_party/json -IC:/Users/evand/Documents/NextEngine/third_party/miniaudio -IC:/Users/evand/Documents/NextEngine/third_party/ultralight/include -std=gnu++17 -Wall -Wextra -MD -MT CMakeFiles/ne_engine.dir/src/scene/LightNode.cpp.obj -MF CMakeFiles\ne_engine.dir\src\scene\LightNode.cpp.obj.d -o CMakeFiles/ne_engine.dir/src/scene/LightNode.cpp.obj -c C:/Users/evand/Documents/NextEngine/src/scene/LightNode.cpp
[8/74] Building CXX object CMakeFiles/ne_engine.dir/src/scene/Scene.cpp.obj
FAILED: [code=1] CMakeFiles/ne_engine.dir/src/scene/Scene.cpp.obj 
C:\msys64\ucrt64\bin\c++.exe -DGLFW_DLL -DGLM_FORCE_DEPTH_ZERO_TO_ONE -DGLM_FORCE_RADIANS -DNE_PROJECT_ROOT=\"C:/Users/evand/Documents/NextEngine\" -DNE_SHADER_DIR=\"C:/Users/evand/Documents/NextEngine/build/shaders\" -IC:/Users/evand/Documents/NextEngine/src -IC:/Users/evand/Documents/NextEngine/third_party/vma -IC:/Users/evand/Documents/NextEngine/third_party/tinyobjloader -IC:/Users/evand/Documents/NextEngine/third_party/stb -IC:/Users/evand/Documents/NextEngine/third_party/cgltf -IC:/Users/evand/Documents/NextEngine/third_party/imgui -IC:/Users/evand/Documents/NextEngine/third_party/json -IC:/Users/evand/Documents/NextEngine/third_party/miniaudio -IC:/Users/evand/Documents/NextEngine/third_party/ultralight/include -std=gnu++17 -Wall -Wextra -MD -MT CMakeFiles/ne_engine.dir/src/scene/Scene.cpp.obj -MF CMakeFiles\ne_engine.dir\src\scene\Scene.cpp.obj.d -o CMakeFiles/ne_engine.dir/src/scene/Scene.cpp.obj -c C:/Users/evand/Documents/NextEngine/src/scene/Scene.cpp
[9/74] Building CXX object CMakeFiles/ne_engine.dir/src/scene/SceneSerializer.cpp.obj
FAILED: [code=1] CMakeFiles/ne_engine.dir/src/scene/SceneSerializer.cpp.obj 
C:\msys64\ucrt64\bin\c++.exe -DGLFW_DLL -DGLM_FORCE_DEPTH_ZERO_TO_ONE -DGLM_FORCE_RADIANS -DNE_PROJECT_ROOT=\"C:/Users/evand/Documents/NextEngine\" -DNE_SHADER_DIR=\"C:/Users/evand/Documents/NextEngine/build/shaders\" -IC:/Users/evand/Documents/NextEngine/src -IC:/Users/evand/Documents/NextEngine/third_party/vma -IC:/Users/evand/Documents/NextEngine/third_party/tinyobjloader -IC:/Users/evand/Documents/NextEngine/third_party/stb -IC:/Users/evand/Documents/NextEngine/third_party/cgltf -IC:/Users/evand/Documents/NextEngine/third_party/imgui -IC:/Users/evand/Documents/NextEngine/third_party/json -IC:/Users/evand/Documents/NextEngine/third_party/miniaudio -IC:/Users/evand/Documents/NextEngine/third_party/ultralight/include -std=gnu++17 -Wall -Wextra -MD -MT CMakeFiles/ne_engine.dir/src/scene/SceneSerializer.cpp.obj -MF CMakeFiles\ne_engine.dir\src\scene\SceneSerializer.cpp.obj.d -o CMakeFiles/ne_engine.dir/src/scene/SceneSerializer.cpp.obj -c C:/Users/evand/Documents/NextEngine/src/scene/SceneSerializer.cpp
[10/74] Building CXX object CMakeFiles/ne_engine.dir/src/scene/BehaviourRegistry.cpp.obj
FAILED: [code=1] CMakeFiles/ne_engine.dir/src/scene/BehaviourRegistry.cpp.obj 
C:\msys64\ucrt64\bin\c++.exe -DGLFW_DLL -DGLM_FORCE_DEPTH_ZERO_TO_ONE -DGLM_FORCE_RADIANS -DNE_PROJECT_ROOT=\"C:/Users/evand/Documents/NextEngine\" -DNE_SHADER_DIR=\"C:/Users/evand/Documents/NextEngine/build/shaders\" -IC:/Users/evand/Documents/NextEngine/src -IC:/Users/evand/Documents/NextEngine/third_party/vma -IC:/Users/evand/Documents/NextEngine/third_party/tinyobjloader -IC:/Users/evand/Documents/NextEngine/third_party/stb -IC:/Users/evand/Documents/NextEngine/third_party/cgltf -IC:/Users/evand/Documents/NextEngine/third_party/imgui -IC:/Users/evand/Documents/NextEngine/third_party/json -IC:/Users/evand/Documents/NextEngine/third_party/miniaudio -IC:/Users/evand/Documents/NextEngine/third_party/ultralight/include -std=gnu++17 -Wall -Wextra -MD -MT CMakeFiles/ne_engine.dir/src/scene/BehaviourRegistry.cpp.obj -MF CMakeFiles\ne_engine.dir\src\scene\BehaviourRegistry.cpp.obj.d -o CMakeFiles/ne_engine.dir/src/scene/BehaviourRegistry.cpp.obj -c C:/Users/evand/Documents/NextEngine/src/scene/BehaviourRegistry.cpp
ninja: build stopped: subcommand failed.
